Archive member included to satisfy reference by file (symbol)

d:/embedded_systems_arm_level 2/imt_sdk_win_64/winarm/armgcc/bin/../lib/gcc/arm-none-eabi/7.2.1/thumb/v7e-m/fpv4-sp/softfp\libgcc.a(_arm_muldivdf3.o)
                              ./src/MCAL/SYSTICK/SYSTICK_prg.o (__aeabi_dmul)
d:/embedded_systems_arm_level 2/imt_sdk_win_64/winarm/armgcc/bin/../lib/gcc/arm-none-eabi/7.2.1/thumb/v7e-m/fpv4-sp/softfp\libgcc.a(_arm_fixunsdfsi.o)
                              ./src/MCAL/SYSTICK/SYSTICK_prg.o (__aeabi_d2uiz)
d:/embedded_systems_arm_level 2/imt_sdk_win_64/winarm/armgcc/bin/../lib/gcc/arm-none-eabi/7.2.1/../../../../arm-none-eabi/lib/thumb/v7e-m/fpv4-sp/softfp\libg_nano.a(lib_a-errno.o)
                              ./system/src/newlib/_sbrk.o (__errno)
d:/embedded_systems_arm_level 2/imt_sdk_win_64/winarm/armgcc/bin/../lib/gcc/arm-none-eabi/7.2.1/../../../../arm-none-eabi/lib/thumb/v7e-m/fpv4-sp/softfp\libg_nano.a(lib_a-impure.o)
                              d:/embedded_systems_arm_level 2/imt_sdk_win_64/winarm/armgcc/bin/../lib/gcc/arm-none-eabi/7.2.1/../../../../arm-none-eabi/lib/thumb/v7e-m/fpv4-sp/softfp\libg_nano.a(lib_a-errno.o) (_impure_ptr)
d:/embedded_systems_arm_level 2/imt_sdk_win_64/winarm/armgcc/bin/../lib/gcc/arm-none-eabi/7.2.1/../../../../arm-none-eabi/lib/thumb/v7e-m/fpv4-sp/softfp\libg_nano.a(lib_a-strlen.o)
                              ./system/src/diag/Trace.o (strlen)
d:/embedded_systems_arm_level 2/imt_sdk_win_64/winarm/armgcc/bin/../lib/gcc/arm-none-eabi/7.2.1/../../../../arm-none-eabi/lib/thumb/v7e-m/fpv4-sp/softfp\libg_nano.a(lib_a-vsnprintf.o)
                              ./system/src/diag/Trace.o (vsnprintf)
d:/embedded_systems_arm_level 2/imt_sdk_win_64/winarm/armgcc/bin/../lib/gcc/arm-none-eabi/7.2.1/../../../../arm-none-eabi/lib/thumb/v7e-m/fpv4-sp/softfp\libg_nano.a(lib_a-nano-svfprintf.o)
                              d:/embedded_systems_arm_level 2/imt_sdk_win_64/winarm/armgcc/bin/../lib/gcc/arm-none-eabi/7.2.1/../../../../arm-none-eabi/lib/thumb/v7e-m/fpv4-sp/softfp\libg_nano.a(lib_a-vsnprintf.o) (_svfprintf_r)
d:/embedded_systems_arm_level 2/imt_sdk_win_64/winarm/armgcc/bin/../lib/gcc/arm-none-eabi/7.2.1/../../../../arm-none-eabi/lib/thumb/v7e-m/fpv4-sp/softfp\libg_nano.a(lib_a-nano-vfprintf_i.o)
                              d:/embedded_systems_arm_level 2/imt_sdk_win_64/winarm/armgcc/bin/../lib/gcc/arm-none-eabi/7.2.1/../../../../arm-none-eabi/lib/thumb/v7e-m/fpv4-sp/softfp\libg_nano.a(lib_a-nano-svfprintf.o) (_printf_i)
d:/embedded_systems_arm_level 2/imt_sdk_win_64/winarm/armgcc/bin/../lib/gcc/arm-none-eabi/7.2.1/../../../../arm-none-eabi/lib/thumb/v7e-m/fpv4-sp/softfp\libg_nano.a(lib_a-memchr.o)
                              d:/embedded_systems_arm_level 2/imt_sdk_win_64/winarm/armgcc/bin/../lib/gcc/arm-none-eabi/7.2.1/../../../../arm-none-eabi/lib/thumb/v7e-m/fpv4-sp/softfp\libg_nano.a(lib_a-nano-svfprintf.o) (memchr)
d:/embedded_systems_arm_level 2/imt_sdk_win_64/winarm/armgcc/bin/../lib/gcc/arm-none-eabi/7.2.1/../../../../arm-none-eabi/lib/thumb/v7e-m/fpv4-sp/softfp\libg_nano.a(lib_a-memcpy-stub.o)
                              d:/embedded_systems_arm_level 2/imt_sdk_win_64/winarm/armgcc/bin/../lib/gcc/arm-none-eabi/7.2.1/../../../../arm-none-eabi/lib/thumb/v7e-m/fpv4-sp/softfp\libg_nano.a(lib_a-nano-svfprintf.o) (memcpy)
d:/embedded_systems_arm_level 2/imt_sdk_win_64/winarm/armgcc/bin/../lib/gcc/arm-none-eabi/7.2.1/../../../../arm-none-eabi/lib/thumb/v7e-m/fpv4-sp/softfp\libg_nano.a(lib_a-memmove.o)
                              d:/embedded_systems_arm_level 2/imt_sdk_win_64/winarm/armgcc/bin/../lib/gcc/arm-none-eabi/7.2.1/../../../../arm-none-eabi/lib/thumb/v7e-m/fpv4-sp/softfp\libg_nano.a(lib_a-nano-svfprintf.o) (memmove)
d:/embedded_systems_arm_level 2/imt_sdk_win_64/winarm/armgcc/bin/../lib/gcc/arm-none-eabi/7.2.1/../../../../arm-none-eabi/lib/thumb/v7e-m/fpv4-sp/softfp\libg_nano.a(lib_a-nano-freer.o)
                              d:/embedded_systems_arm_level 2/imt_sdk_win_64/winarm/armgcc/bin/../lib/gcc/arm-none-eabi/7.2.1/../../../../arm-none-eabi/lib/thumb/v7e-m/fpv4-sp/softfp\libg_nano.a(lib_a-nano-svfprintf.o) (_free_r)
d:/embedded_systems_arm_level 2/imt_sdk_win_64/winarm/armgcc/bin/../lib/gcc/arm-none-eabi/7.2.1/../../../../arm-none-eabi/lib/thumb/v7e-m/fpv4-sp/softfp\libg_nano.a(lib_a-nano-mallocr.o)
                              d:/embedded_systems_arm_level 2/imt_sdk_win_64/winarm/armgcc/bin/../lib/gcc/arm-none-eabi/7.2.1/../../../../arm-none-eabi/lib/thumb/v7e-m/fpv4-sp/softfp\libg_nano.a(lib_a-nano-svfprintf.o) (_malloc_r)
d:/embedded_systems_arm_level 2/imt_sdk_win_64/winarm/armgcc/bin/../lib/gcc/arm-none-eabi/7.2.1/../../../../arm-none-eabi/lib/thumb/v7e-m/fpv4-sp/softfp\libg_nano.a(lib_a-nano-reallocr.o)
                              d:/embedded_systems_arm_level 2/imt_sdk_win_64/winarm/armgcc/bin/../lib/gcc/arm-none-eabi/7.2.1/../../../../arm-none-eabi/lib/thumb/v7e-m/fpv4-sp/softfp\libg_nano.a(lib_a-nano-svfprintf.o) (_realloc_r)
[...]
Memory Configuration

Name             Origin             Length             Attributes
RAM              0x20000000         0x00010000         xrw
CCMRAM           0x10000000         0x00000000         xrw
FLASH            0x08000000         0x00040000         xr
FLASHB1          0x00000000         0x00000000         xr
EXTMEMB0         0x00000000         0x00000000         xr
EXTMEMB1         0x00000000         0x00000000         xr
EXTMEMB2         0x00000000         0x00000000         xr
EXTMEMB3         0x00000000         0x00000000         xr
*default*        0x00000000         0xffffffff

Linker script and memory map

LOAD ./system/src/stm32f4-hal/stm32f4xx_hal.o
LOAD ./system/src/stm32f4-hal/stm32f4xx_hal_cortex.o
LOAD ./system/src/stm32f4-hal/stm32f4xx_hal_dfsdm.o
LOAD ./system/src/stm32f4-hal/stm32f4xx_hal_flash.o
LOAD ./system/src/stm32f4-hal/stm32f4xx_hal_gpio.o
LOAD ./system/src/stm32f4-hal/stm32f4xx_hal_iwdg.o
LOAD ./system/src/stm32f4-hal/stm32f4xx_hal_pwr.o
LOAD ./system/src/stm32f4-hal/stm32f4xx_hal_rcc.o
LOAD ./system/src/newlib/_cxx.o
LOAD ./system/src/newlib/_exit.o
LOAD ./system/src/newlib/_sbrk.o
LOAD ./system/src/newlib/_startup.o
LOAD ./system/src/newlib/_syscalls.o
LOAD ./system/src/newlib/assert.o
LOAD ./system/src/diag/Trace.o
LOAD ./system/src/diag/trace_impl.o
LOAD ./system/src/cortexm/_initialize_hardware.o
LOAD ./system/src/cortexm/_reset_hardware.o
LOAD ./system/src/cortexm/exception_handlers.o
LOAD ./system/src/cmsis/system_stm32f4xx.o
LOAD ./system/src/cmsis/vectors_stm32f401xc.o
LOAD ./src/RTOS/RTOS_prg.o
LOAD ./src/MCAL/USART/USART_prg.o
LOAD ./src/MCAL/SYSTICK/SYSTICK_prg.o
LOAD ./src/MCAL/SYSCFG/SYSCFG_prg.o
LOAD ./src/MCAL/SPI/SPI_prg.o
LOAD ./src/MCAL/RCC/RCC_prg.o
LOAD ./src/MCAL/NVIC/NVIC_prg.o
LOAD ./src/MCAL/GPIO/GPIO_prg.o
LOAD ./src/MCAL/EXTI/EXTI_prg.o
LOAD ./src/MCAL/DMA/DMA_prg.o
LOAD ./src/HAL/TFT/TFT_prg.o
LOAD ./src/HAL/SEVENSEGMENT/SEVENSEGMENT_prg.o
LOAD ./src/HAL/S2P/S2P_prg.o
LOAD ./src/HAL/LEDMATRIX/LEDMATRIX_prg.o
LOAD ./src/HAL/IR/IR_prg.o
LOAD ./src/HAL/DAC/DAC_prg.o
LOAD ./src/APP/main.o
LOAD d:/embedded_systems_arm_level 2/imt_sdk_win_64/winarm/armgcc/bin/../lib/gcc/arm-none-eabi/7.2.1/../../../../arm-none-eabi/lib/thumb/v7e-m/fpv4-sp/softfp\libstdc++_nano.a
LOAD d:/embedded_systems_arm_level 2/imt_sdk_win_64/winarm/armgcc/bin/../lib/gcc/arm-none-eabi/7.2.1/../../../../arm-none-eabi/lib/thumb/v7e-m/fpv4-sp/softfp\libm.a
START GROUP
LOAD d:/embedded_systems_arm_level 2/imt_sdk_win_64/winarm/armgcc/bin/../lib/gcc/arm-none-eabi/7.2.1/thumb/v7e-m/fpv4-sp/softfp\libgcc.a
LOAD d:/embedded_systems_arm_level 2/imt_sdk_win_64/winarm/armgcc/bin/../lib/gcc/arm-none-eabi/7.2.1/../../../../arm-none-eabi/lib/thumb/v7e-m/fpv4-sp/softfp\libg_nano.a
LOAD d:/embedded_systems_arm_level 2/imt_sdk_win_64/winarm/armgcc/bin/../lib/gcc/arm-none-eabi/7.2.1/../../../../arm-none-eabi/lib/thumb/v7e-m/fpv4-sp/softfp\libc_nano.a
END GROUP
START GROUP
LOAD d:/embedded_systems_arm_level 2/imt_sdk_win_64/winarm/armgcc/bin/../lib/gcc/arm-none-eabi/7.2.1/thumb/v7e-m/fpv4-sp/softfp\libgcc.a
LOAD d:/embedded_systems_arm_level 2/imt_sdk_win_64/winarm/armgcc/bin/../lib/gcc/arm-none-eabi/7.2.1/../../../../arm-none-eabi/lib/thumb/v7e-m/fpv4-sp/softfp\libc_nano.a
END GROUP
                0x20010000                __stack = (ORIGIN (RAM) + LENGTH (RAM))
                0x20010000                _estack = __stack
                0x00000400                __Main_Stack_Size = 0x400
                [!provide]                PROVIDE (_Main_Stack_Size, __Main_Stack_Size)
                0x2000fc00                __Main_Stack_Limit = (__stack - __Main_Stack_Size)
                [!provide]                PROVIDE (_Main_Stack_Limit, __Main_Stack_Limit)
                0x00000100                _Minimum_Stack_Size = 0x100
                0x200001d4                PROVIDE (_Heap_Begin, _end_noinit)
                0x2000fc00                PROVIDE (_Heap_Limit, (__stack - __Main_Stack_Size))

.isr_vector     0x08000000      0x3f4
 FILL mask 0xff
                0x08000000                __vectors_start = ABSOLUTE (.)
                0x08000000                __vectors_start__ = ABSOLUTE (.)
 *(.isr_vector)
 .isr_vector    0x08000000      0x194 ./system/src/cmsis/vectors_stm32f401xc.o
                0x08000000                __isr_vectors
 *(.cfmconfig)
 *(.after_vectors .after_vectors.*)
 .after_vectors
                0x08000194      0x130 ./system/src/newlib/_startup.o
                0x08000194                _start
 .after_vectors
                0x080002c4      0x12c ./system/src/cortexm/exception_handlers.o
                0x080002c4                Reset_Handler
                0x080002ca                NMI_Handler
                0x080002ce                HardFault_Handler
                0x080002e2                HardFault_Handler_C
                0x08000340                MemManage_Handler
                0x08000344                BusFault_Handler
                0x08000358                BusFault_Handler_C
                0x0800038c                UsageFault_Handler
                0x080003a0                UsageFault_Handler_C
                0x080003d4                SVC_Handler
                0x080003d8                DebugMon_Handler
                0x080003dc                PendSV_Handler
 .after_vectors
                0x080003f0        0x4 ./system/src/cmsis/vectors_stm32f401xc.o
                0x080003f0                RTC_Alarm_IRQHandler
                0x080003f0                SPI4_IRQHandler
                0x080003f0                TIM1_CC_IRQHandler
                0x080003f0                DMA2_Stream5_IRQHandler
                0x080003f0                DMA1_Stream5_IRQHandler
                0x080003f0                PVD_IRQHandler
                0x080003f0                SDIO_IRQHandler
                0x080003f0                TAMP_STAMP_IRQHandler
                0x080003f0                TIM1_UP_TIM10_IRQHandler
                0x080003f0                I2C3_ER_IRQHandler
                0x080003f0                I2C2_EV_IRQHandler
                0x080003f0                DMA1_Stream2_IRQHandler
                0x080003f0                FPU_IRQHandler
                0x080003f0                DMA2_Stream2_IRQHandler
                0x080003f0                SPI1_IRQHandler
                0x080003f0                TIM1_BRK_TIM9_IRQHandler
                0x080003f0                DMA2_Stream3_IRQHandler
                0x080003f0                USART6_IRQHandler
                0x080003f0                TIM4_IRQHandler
                0x080003f0                I2C1_EV_IRQHandler
                0x080003f0                DMA1_Stream6_IRQHandler
                0x080003f0                DMA1_Stream1_IRQHandler
                0x080003f0                TIM3_IRQHandler
                0x080003f0                RCC_IRQHandler
                0x080003f0                Default_Handler
                0x080003f0                EXTI15_10_IRQHandler
                0x080003f0                ADC_IRQHandler
                0x080003f0                DMA1_Stream7_IRQHandler
                0x080003f0                TIM5_IRQHandler
                0x080003f0                DMA2_Stream7_IRQHandler
                0x080003f0                I2C3_EV_IRQHandler
                0x080003f0                RTC_WKUP_IRQHandler
                0x080003f0                SPI2_IRQHandler
                0x080003f0                DMA1_Stream0_IRQHandler
                0x080003f0                WWDG_IRQHandler
                0x080003f0                TIM2_IRQHandler
                0x080003f0                OTG_FS_WKUP_IRQHandler
                0x080003f0                TIM1_TRG_COM_TIM11_IRQHandler
                0x080003f0                USART2_IRQHandler
                0x080003f0                I2C2_ER_IRQHandler
                0x080003f0                DMA2_Stream1_IRQHandler
                0x080003f0                FLASH_IRQHandler
                0x080003f0                DMA2_Stream4_IRQHandler
                0x080003f0                OTG_FS_IRQHandler
                0x080003f0                SPI3_IRQHandler
                0x080003f0                DMA1_Stream4_IRQHandler
                0x080003f0                I2C1_ER_IRQHandler
                0x080003f0                DMA2_Stream6_IRQHandler
                0x080003f0                DMA1_Stream3_IRQHandler

.inits          0x080003f4       0x28
                0x080003f4                __data_regions_array_start = .
                0x080003f4        0x4 LONG 0x80019b4 LOADADDR (.data)
                0x080003f8        0x4 LONG 0x20000000 ADDR (.data)
                0x080003fc        0x4 LONG 0x200000a0 (ADDR (.data) + SIZEOF (.data))
                0x08000400        0x4 LONG 0x80019b4 LOADADDR (.data_CCMRAM)
                0x08000404        0x4 LONG 0x10000000 ADDR (.data_CCMRAM)
                0x08000408        0x4 LONG 0x10000000 (ADDR (.data_CCMRAM) + SIZEOF (.data_CCMRAM))
                0x0800040c                __data_regions_array_end = .
                0x0800040c                __bss_regions_array_start = .
                0x0800040c        0x4 LONG 0x200000a0 ADDR (.bss)
                0x08000410        0x4 LONG 0x200001d4 (ADDR (.bss) + SIZEOF (.bss))
                0x08000414        0x4 LONG 0x10000000 ADDR (.bss_CCMRAM)
                0x08000418        0x4 LONG 0x10000000 (ADDR (.bss_CCMRAM) + SIZEOF (.bss_CCMRAM))
                0x0800041c                __bss_regions_array_end = .
 *(.init)
 *(.fini)
                0x0800041c                . = ALIGN (0x4)
                0x0800041c                PROVIDE (__preinit_array_start, .)
 *(.preinit_array_sysinit .preinit_array_sysinit.*)
 *(.preinit_array_platform .preinit_array_platform.*)
 *(.preinit_array .preinit_array.*)
                0x0800041c                PROVIDE (__preinit_array_end, .)
                0x0800041c                . = ALIGN (0x4)
                0x0800041c                PROVIDE (__init_array_start, .)
 *(SORT_BY_NAME(.init_array.*))
 *(.init_array)
                0x0800041c                PROVIDE (__init_array_end, .)
                0x0800041c                . = ALIGN (0x4)
                0x0800041c                PROVIDE (__fini_array_start, .)
 *(SORT_BY_NAME(.fini_array.*))
 *(.fini_array)
                0x0800041c                PROVIDE (__fini_array_end, .)

.flashtext
 *(.flashtext .flashtext.*)

.text           0x08000420     0x1593
 *(.text .text.*)
 .text._exit    0x08000420        0x2 ./system/src/newlib/_exit.o
                0x08000420                _exit
 *fill*         0x08000422        0x2 
 .text._sbrk    0x08000424       0x44 ./system/src/newlib/_sbrk.o
                0x08000424                _sbrk
 .text.__initialize_args
                0x08000468       0x10 ./system/src/newlib/_syscalls.o
                0x08000468                __initialize_args
 .text.trace_printf
                0x08000478       0x30 ./system/src/diag/Trace.o
                0x08000478                trace_printf
 .text._trace_write_semihosting_debug
                0x080004a8       0x60 ./system/src/diag/trace_impl.o
 .text.trace_write
                0x08000508        0x8 ./system/src/diag/trace_impl.o
                0x08000508                trace_write
 .text.__initialize_hardware_early
                0x08000510       0x24 ./system/src/cortexm/_initialize_hardware.o
                0x08000510                __initialize_hardware_early
 .text.__initialize_hardware
                0x08000534        0x8 ./system/src/cortexm/_initialize_hardware.o
                0x08000534                __initialize_hardware
 .text.dumpExceptionStack
                0x0800053c       0xf4 ./system/src/cortexm/exception_handlers.o
                0x0800053c                dumpExceptionStack
 .text.isSemihosting
                0x08000630       0x20 ./system/src/cortexm/exception_handlers.o
                0x08000630                isSemihosting
 .text.SystemInit
                0x08000650       0x4c ./system/src/cmsis/system_stm32f4xx.o
                0x08000650                SystemInit
 .text.SystemCoreClockUpdate
                0x0800069c       0x9c ./system/src/cmsis/system_stm32f4xx.o
                0x0800069c                SystemCoreClockUpdate
 .text.MUSART_vDisable_TX_Interrupt
                0x08000738       0x10 ./src/MCAL/USART/USART_prg.o
                0x08000738                MUSART_vDisable_TX_Interrupt
 .text.MUSART_vEnable_TC_Interrupt
                0x08000748       0x10 ./src/MCAL/USART/USART_prg.o
                0x08000748                MUSART_vEnable_TC_Interrupt
 .text.MUSART_vDisable_TC_Interrupt
                0x08000758       0x10 ./src/MCAL/USART/USART_prg.o
                0x08000758                MUSART_vDisable_TC_Interrupt
 .text.USART1_IRQHandler
                0x08000768       0x74 ./src/MCAL/USART/USART_prg.o
                0x08000768                USART1_IRQHandler
 .text.MSYSTICK_vStopTimer
                0x080007dc       0x14 ./src/MCAL/SYSTICK/SYSTICK_prg.o
                0x080007dc                MSYSTICK_vStopTimer
 .text.SysTick_Handler
                0x080007f0       0x24 ./src/MCAL/SYSTICK/SYSTICK_prg.o
                0x080007f0                SysTick_Handler
 .text.MRCC_vInit
                0x08000814       0x34 ./src/MCAL/RCC/RCC_prg.o
                0x08000814                MRCC_vInit
 .text.MRCC_vEnableCLK
                0x08000848       0x50 ./src/MCAL/RCC/RCC_prg.o
                0x08000848                MRCC_vEnableCLK
 .text.MNVIC_vEnable_Peripheral_INT
                0x08000898       0x24 ./src/MCAL/NVIC/NVIC_prg.o
                0x08000898                MNVIC_vEnable_Peripheral_INT
 .text.MGPIO_vSetMode
                0x080008bc       0x90 ./src/MCAL/GPIO/GPIO_prg.o
                0x080008bc                MGPIO_vSetMode
 .text.MGPIO_vSetOutputType
                0x0800094c       0xb0 ./src/MCAL/GPIO/GPIO_prg.o
                0x0800094c                MGPIO_vSetOutputType
 .text.MGPIO_vSetOutputSpeed
                0x080009fc       0x90 ./src/MCAL/GPIO/GPIO_prg.o
                0x080009fc                MGPIO_vSetOutputSpeed
 .text.MGPIO_vSetPullType
                0x08000a8c       0x90 ./src/MCAL/GPIO/GPIO_prg.o
                0x08000a8c                MGPIO_vSetPullType
 .text.MGPIO_vSetAlt
                0x08000b1c       0xe4 ./src/MCAL/GPIO/GPIO_prg.o
                0x08000b1c                MGPIO_vSetAlt
 .text.MGPIO_vSetPinValueAtomic
                0x08000c00       0x94 ./src/MCAL/GPIO/GPIO_prg.o
                0x08000c00                MGPIO_vSetPinValueAtomic
 .text.MGPIO_vPinInit
                0x08000c94       0x38 ./src/MCAL/GPIO/GPIO_prg.o
                0x08000c94                MGPIO_vPinInit
 .text.EXTI0_IRQHandler
                0x08000ccc       0x20 ./src/MCAL/EXTI/EXTI_prg.o
                0x08000ccc                EXTI0_IRQHandler
 .text.EXTI1_IRQHandler
                0x08000cec       0x20 ./src/MCAL/EXTI/EXTI_prg.o
                0x08000cec                EXTI1_IRQHandler
 .text.EXTI2_IRQHandler
                0x08000d0c       0x20 ./src/MCAL/EXTI/EXTI_prg.o
                0x08000d0c                EXTI2_IRQHandler
 .text.EXTI3_IRQHandler
                0x08000d2c       0x20 ./src/MCAL/EXTI/EXTI_prg.o
                0x08000d2c                EXTI3_IRQHandler
 .text.EXTI4_IRQHandler
                0x08000d4c       0x20 ./src/MCAL/EXTI/EXTI_prg.o
                0x08000d4c                EXTI4_IRQHandler
 .text.EXTI9_5_IRQHandler
                0x08000d6c       0x44 ./src/MCAL/EXTI/EXTI_prg.o
                0x08000d6c                EXTI9_5_IRQHandler
 .text.MDMA2_vInit
                0x08000db0       0x4c ./src/MCAL/DMA/DMA_prg.o
                0x08000db0                MDMA2_vInit
 .text.MDMA2_vSetStreamCfg
                0x08000dfc       0x6c ./src/MCAL/DMA/DMA_prg.o
                0x08000dfc                MDMA2_vSetStreamCfg
 .text.MDMA2_vEnableStream
                0x08000e68       0x24 ./src/MCAL/DMA/DMA_prg.o
                0x08000e68                MDMA2_vEnableStream
 .text.MDMA2_vCallBack
                0x08000e8c        0xc ./src/MCAL/DMA/DMA_prg.o
                0x08000e8c                MDMA2_vCallBack
 .text.DMA2_Stream0_IRQHandler
                0x08000e98       0x20 ./src/MCAL/DMA/DMA_prg.o
                0x08000e98                DMA2_Stream0_IRQHandler
 .text.turnOnLed
                0x08000eb8        0xe ./src/APP/main.o
                0x08000eb8                turnOnLed
 *fill*         0x08000ec6        0x2 
 .text.main     0x08000ec8       0x6c ./src/APP/main.o
                0x08000ec8                main
 .text.__errno  0x08000f34        0xc d:/embedded_systems_arm_level 2/imt_sdk_win_64/winarm/armgcc/bin/../lib/gcc/arm-none-eabi/7.2.1/../../../../arm-none-eabi/lib/thumb/v7e-m/fpv4-sp/softfp\libg_nano.a(lib_a-errno.o)
                0x08000f34                __errno
 .text._vsnprintf_r
                0x08000f40       0x58 d:/embedded_systems_arm_level 2/imt_sdk_win_64/winarm/armgcc/bin/../lib/gcc/arm-none-eabi/7.2.1/../../../../arm-none-eabi/lib/thumb/v7e-m/fpv4-sp/softfp\libg_nano.a(lib_a-vsnprintf.o)
                0x08000f40                _vsniprintf_r
                0x08000f40                _vsnprintf_r
 .text.vsnprintf
                0x08000f98       0x1c d:/embedded_systems_arm_level 2/imt_sdk_win_64/winarm/armgcc/bin/../lib/gcc/arm-none-eabi/7.2.1/../../../../arm-none-eabi/lib/thumb/v7e-m/fpv4-sp/softfp\libg_nano.a(lib_a-vsnprintf.o)
                0x08000f98                vsniprintf
                0x08000f98                vsnprintf
 .text.__ssputs_r
                0x08000fb4       0xb4 d:/embedded_systems_arm_level 2/imt_sdk_win_64/winarm/armgcc/bin/../lib/gcc/arm-none-eabi/7.2.1/../../../../arm-none-eabi/lib/thumb/v7e-m/fpv4-sp/softfp\libg_nano.a(lib_a-nano-svfprintf.o)
                0x08000fb4                __ssputs_r
 .text._svfprintf_r
                0x08001068      0x1ec d:/embedded_systems_arm_level 2/imt_sdk_win_64/winarm/armgcc/bin/../lib/gcc/arm-none-eabi/7.2.1/../../../../arm-none-eabi/lib/thumb/v7e-m/fpv4-sp/softfp\libg_nano.a(lib_a-nano-svfprintf.o)
                0x08001068                _svfiprintf_r
                0x08001068                _svfprintf_r
 .text._printf_common
                0x08001254       0xea d:/embedded_systems_arm_level 2/imt_sdk_win_64/winarm/armgcc/bin/../lib/gcc/arm-none-eabi/7.2.1/../../../../arm-none-eabi/lib/thumb/v7e-m/fpv4-sp/softfp\libg_nano.a(lib_a-nano-vfprintf_i.o)
                0x08001254                _printf_common
 *fill*         0x0800133e        0x2 
 .text._printf_i
                0x08001340      0x224 d:/embedded_systems_arm_level 2/imt_sdk_win_64/winarm/armgcc/bin/../lib/gcc/arm-none-eabi/7.2.1/../../../../arm-none-eabi/lib/thumb/v7e-m/fpv4-sp/softfp\libg_nano.a(lib_a-nano-vfprintf_i.o)
                0x08001340                _printf_i
 *fill*         0x08001564        0xc 
 .text          0x08001570       0xa0 d:/embedded_systems_arm_level 2/imt_sdk_win_64/winarm/armgcc/bin/../lib/gcc/arm-none-eabi/7.2.1/../../../../arm-none-eabi/lib/thumb/v7e-m/fpv4-sp/softfp\libg_nano.a(lib_a-memchr.o)
                0x08001570                memchr
 .text.memcpy   0x08001610       0x16 d:/embedded_systems_arm_level 2/imt_sdk_win_64/winarm/armgcc/bin/../lib/gcc/arm-none-eabi/7.2.1/../../../../arm-none-eabi/lib/thumb/v7e-m/fpv4-sp/softfp\libg_nano.a(lib_a-memcpy-stub.o)
                0x08001610                memcpy
 .text.memmove  0x08001626       0x32 d:/embedded_systems_arm_level 2/imt_sdk_win_64/winarm/armgcc/bin/../lib/gcc/arm-none-eabi/7.2.1/../../../../arm-none-eabi/lib/thumb/v7e-m/fpv4-sp/softfp\libg_nano.a(lib_a-memmove.o)
                0x08001626                memmove
 .text._free_r  0x08001658       0x9c d:/embedded_systems_arm_level 2/imt_sdk_win_64/winarm/armgcc/bin/../lib/gcc/arm-none-eabi/7.2.1/../../../../arm-none-eabi/lib/thumb/v7e-m/fpv4-sp/softfp\libg_nano.a(lib_a-nano-freer.o)
                0x08001658                _free_r
 .text._malloc_r
                0x080016f4       0xb4 d:/embedded_systems_arm_level 2/imt_sdk_win_64/winarm/armgcc/bin/../lib/gcc/arm-none-eabi/7.2.1/../../../../arm-none-eabi/lib/thumb/v7e-m/fpv4-sp/softfp\libg_nano.a(lib_a-nano-mallocr.o)
                0x080016f4                _malloc_r
 .text._realloc_r
                0x080017a8       0x4c d:/embedded_systems_arm_level 2/imt_sdk_win_64/winarm/armgcc/bin/../lib/gcc/arm-none-eabi/7.2.1/../../../../arm-none-eabi/lib/thumb/v7e-m/fpv4-sp/softfp\libg_nano.a(lib_a-nano-reallocr.o)
                0x080017a8                _realloc_r
 .text._sbrk_r  0x080017f4       0x20 d:/embedded_systems_arm_level 2/imt_sdk_win_64/winarm/armgcc/bin/../lib/gcc/arm-none-eabi/7.2.1/../../../../arm-none-eabi/lib/thumb/v7e-m/fpv4-sp/softfp\libg_nano.a(lib_a-sbrkr.o)
                0x080017f4                _sbrk_r
 .text.__malloc_lock
                0x08001814        0x2 d:/embedded_systems_arm_level 2/imt_sdk_win_64/winarm/armgcc/bin/../lib/gcc/arm-none-eabi/7.2.1/../../../../arm-none-eabi/lib/thumb/v7e-m/fpv4-sp/softfp\libg_nano.a(lib_a-mlock.o)
                0x08001814                __malloc_lock
 .text.__malloc_unlock
                0x08001816        0x2 d:/embedded_systems_arm_level 2/imt_sdk_win_64/winarm/armgcc/bin/../lib/gcc/arm-none-eabi/7.2.1/../../../../arm-none-eabi/lib/thumb/v7e-m/fpv4-sp/softfp\libg_nano.a(lib_a-mlock.o)
                0x08001816                __malloc_unlock
 .text._malloc_usable_size_r
                0x08001818       0x10 d:/embedded_systems_arm_level 2/imt_sdk_win_64/winarm/armgcc/bin/../lib/gcc/arm-none-eabi/7.2.1/../../../../arm-none-eabi/lib/thumb/v7e-m/fpv4-sp/softfp\libg_nano.a(lib_a-nano-msizer.o)
                0x08001818                _malloc_usable_size_r
 *(.rodata .rodata.* .constdata .constdata.*)
 .rodata.dumpExceptionStack.str1.4
                0x08001828      0x11a ./system/src/cortexm/exception_handlers.o
 *fill*         0x08001942        0x2 
 .rodata.str1.4
                0x08001944       0x2c ./system/src/cortexm/exception_handlers.o
                                 0x2a (size before relaxing)
 .rodata.AHBPrescTable
                0x08001970       0x10 ./system/src/cmsis/system_stm32f4xx.o
                0x08001970                AHBPrescTable
 .rodata._svfprintf_r.str1.1
                0x08001980       0x11 d:/embedded_systems_arm_level 2/imt_sdk_win_64/winarm/armgcc/bin/../lib/gcc/arm-none-eabi/7.2.1/../../../../arm-none-eabi/lib/thumb/v7e-m/fpv4-sp/softfp\libg_nano.a(lib_a-nano-svfprintf.o)
 .rodata._printf_i.str1.1
                0x08001991       0x22 d:/embedded_systems_arm_level 2/imt_sdk_win_64/winarm/armgcc/bin/../lib/gcc/arm-none-eabi/7.2.1/../../../../arm-none-eabi/lib/thumb/v7e-m/fpv4-sp/softfp\libg_nano.a(lib_a-nano-vfprintf_i.o)
 *(vtable)
 *(.eh_frame*)
 *(.glue_7)
 .glue_7        0x080019b3        0x0 linker stubs
 *(.glue_7t)
 .glue_7t       0x080019b3        0x0 linker stubs

.vfp11_veneer   0x080019b4        0x0
 .vfp11_veneer  0x080019b4        0x0 linker stubs

.v4_bx          0x080019b4        0x0
 .v4_bx         0x080019b4        0x0 linker stubs

.iplt           0x080019b4        0x0
 .iplt          0x080019b4        0x0 ./system/src/newlib/_exit.o

.rel.dyn        0x080019b4        0x0
 .rel.iplt      0x080019b4        0x0 ./system/src/newlib/_exit.o

.ARM.extab
 *(.ARM.extab* .gnu.linkonce.armextab.*)
                0x080019b4                . = ALIGN (0x4)
                0x080019b4                __exidx_start = .

.ARM.exidx
 *(.ARM.exidx* .gnu.linkonce.armexidx.*)
                0x080019b4                __exidx_end = .
                0x080019b4                . = ALIGN (0x4)
                0x080019b4                _etext = .
                0x080019b4                __etext = .

.data_CCMRAM    0x10000000        0x0 load address 0x080019b4
 FILL mask 0xff
 *(.data.CCMRAM .data.CCMRAM.*)
                0x10000000                . = ALIGN (0x4)
                0x080019b4                _sidata = LOADADDR (.data)

.data           0x20000000       0xa0 load address 0x080019b4
 FILL mask 0xff
                0x20000000                _sdata = .
                0x20000000                __data_start__ = .
 *(.data_begin .data_begin.*)
 .data_begin    0x20000000        0x4 ./system/src/newlib/_startup.o
 *(.data .data.*)
 .data.argv.5585
                0x20000004        0x8 ./system/src/newlib/_syscalls.o
 .data.SystemCoreClock
                0x2000000c        0x4 ./system/src/cmsis/system_stm32f4xx.o
                0x2000000c                SystemCoreClock
 .data.arr1     0x20000010       0x28 ./src/APP/main.o
                0x20000010                arr1
 .data._impure_ptr
                0x20000038        0x4 d:/embedded_systems_arm_level 2/imt_sdk_win_64/winarm/armgcc/bin/../lib/gcc/arm-none-eabi/7.2.1/../../../../arm-none-eabi/lib/thumb/v7e-m/fpv4-sp/softfp\libg_nano.a(lib_a-impure.o)
                0x20000038                _impure_ptr
 .data.impure_data
                0x2000003c       0x60 d:/embedded_systems_arm_level 2/imt_sdk_win_64/winarm/armgcc/bin/../lib/gcc/arm-none-eabi/7.2.1/../../../../arm-none-eabi/lib/thumb/v7e-m/fpv4-sp/softfp\libg_nano.a(lib_a-impure.o)
 *(.data_end .data_end.*)
 .data_end      0x2000009c        0x4 ./system/src/newlib/_startup.o
                0x200000a0                . = ALIGN (0x4)
                0x200000a0                _edata = .
                0x200000a0                __data_end__ = .

.igot.plt       0x200000a0        0x0 load address 0x08001a54
 .igot.plt      0x200000a0        0x0 ./system/src/newlib/_exit.o

.bss_CCMRAM     0x10000000        0x0
 *(.bss.CCMRAM .bss.CCMRAM.*)

.bss            0x200000a0      0x134
                0x200000a0                __bss_start__ = .
                0x200000a0                _sbss = .
 *(.bss_begin .bss_begin.*)
 .bss_begin     0x200000a0        0x4 ./system/src/newlib/_startup.o
 *(.bss .bss.*)
 .bss.current_heap_end.5236
                0x200000a4        0x4 ./system/src/newlib/_sbrk.o
 .bss.name.5584
                0x200000a8        0x1 ./system/src/newlib/_syscalls.o
 *fill*         0x200000a9        0x3 
 .bss.buf.6480  0x200000ac       0x80 ./system/src/diag/Trace.o
 .bss.G_pu8TxString
                0x2000012c        0x4 ./src/MCAL/USART/USART_prg.o
 .bss.G_u32TxIndex
                0x20000130        0x4 ./src/MCAL/USART/USART_prg.o
 .bss.G_Fptr    0x20000134        0x4 ./src/MCAL/SYSTICK/SYSTICK_prg.o
 .bss.G_u8SingleFlag
                0x20000138        0x1 ./src/MCAL/SYSTICK/SYSTICK_prg.o
 *fill*         0x20000139        0x3 
 .bss.G_Fptr    0x2000013c       0x40 ./src/MCAL/EXTI/EXTI_prg.o
 .bss.G_Fptr    0x2000017c       0x20 ./src/MCAL/DMA/DMA_prg.o
 .bss.arr2      0x2000019c       0x28 ./src/APP/main.o
                0x2000019c                arr2
 .bss.__malloc_free_list
                0x200001c4        0x4 d:/embedded_systems_arm_level 2/imt_sdk_win_64/winarm/armgcc/bin/../lib/gcc/arm-none-eabi/7.2.1/../../../../arm-none-eabi/lib/thumb/v7e-m/fpv4-sp/softfp\libg_nano.a(lib_a-nano-mallocr.o)
                0x200001c4                __malloc_free_list
 .bss.__malloc_sbrk_start
                0x200001c8        0x4 d:/embedded_systems_arm_level 2/imt_sdk_win_64/winarm/armgcc/bin/../lib/gcc/arm-none-eabi/7.2.1/../../../../arm-none-eabi/lib/thumb/v7e-m/fpv4-sp/softfp\libg_nano.a(lib_a-nano-mallocr.o)
                0x200001c8                __malloc_sbrk_start
 *(COMMON)
 COMMON         0x200001cc        0x4 ./system/src/newlib/_syscalls.o
                0x200001cc                errno
 *(.bss_end .bss_end.*)
 .bss_end       0x200001d0        0x4 ./system/src/newlib/_startup.o
                0x200001d4                . = ALIGN (0x4)
                0x200001d4                __bss_end__ = .
                0x200001d4                _ebss = .

.noinit_CCMRAM
 *(.noinit.CCMRAM .noinit.CCMRAM.*)

.noinit         0x200001d4        0x0
                0x200001d4                _noinit = .
 *(.noinit .noinit.*)
                0x200001d4                . = ALIGN (0x4)
                0x200001d4                _end_noinit = .
                [!provide]                PROVIDE (end, _end_noinit)
                [!provide]                PROVIDE (_end, _end_noinit)
                [!provide]                PROVIDE (__end, _end_noinit)
                [!provide]                PROVIDE (__end__, _end_noinit)

._check_stack   0x200001d4      0x100
                0x200002d4                . = (. + _Minimum_Stack_Size)
 *fill*         0x200001d4      0x100 

.b1text
 *(.b1text)
 *(.b1rodata)
 *(.b1rodata.*)

.eb0text
 *(.eb0text)
 *(.eb0rodata)
 *(.eb0rodata.*)

.eb1text
 *(.eb1text)
 *(.eb1rodata)
 *(.eb1rodata.*)

.eb2text
 *(.eb2text)
 *(.eb2rodata)
 *(.eb2rodata.*)

.eb3text
 *(.eb3text)
 *(.eb3rodata)
 *(.eb3rodata.*)

.stab
 *(.stab)

.stabstr
 *(.stabstr)

.stab.excl
 *(.stab.excl)

.stab.exclstr
 *(.stab.exclstr)

.stab.index
 *(.stab.index)

.stab.indexstr
 *(.stab.indexstr)

.comment        0x00000000       0x7e
 *(.comment)
 .comment       0x00000000       0x7e ./system/src/newlib/_exit.o
                                 0x7f (size before relaxing)
 .comment       0x0000007e       0x7f ./system/src/newlib/_sbrk.o
 .comment       0x0000007e       0x7f ./system/src/newlib/_startup.o
 .comment       0x0000007e       0x7f ./system/src/newlib/_syscalls.o
 .comment       0x0000007e       0x7f ./system/src/diag/Trace.o
 .comment       0x0000007e       0x7f ./system/src/diag/trace_impl.o
 .comment       0x0000007e       0x7f ./system/src/cortexm/_initialize_hardware.o
 .comment       0x0000007e       0x7f ./system/src/cortexm/exception_handlers.o
 .comment       0x0000007e       0x7f ./system/src/cmsis/system_stm32f4xx.o
 .comment       0x0000007e       0x7f ./system/src/cmsis/vectors_stm32f401xc.o
 .comment       0x0000007e       0x7f ./src/MCAL/USART/USART_prg.o
 .comment       0x0000007e       0x7f ./src/MCAL/SYSTICK/SYSTICK_prg.o
 .comment       0x0000007e       0x7f ./src/MCAL/RCC/RCC_prg.o
 .comment       0x0000007e       0x7f ./src/MCAL/NVIC/NVIC_prg.o
 .comment       0x0000007e       0x7f ./src/MCAL/GPIO/GPIO_prg.o
 .comment       0x0000007e       0x7f ./src/MCAL/EXTI/EXTI_prg.o
 .comment       0x0000007e       0x7f ./src/MCAL/DMA/DMA_prg.o
 .comment       0x0000007e       0x7f ./src/APP/main.o

.ARM.attributes
                0x00000000       0x35
 .ARM.attributes
                0x00000000       0x37 ./system/src/newlib/_exit.o
 .ARM.attributes
                0x00000037       0x37 ./system/src/newlib/_sbrk.o
 .ARM.attributes
                0x0000006e       0x37 ./system/src/newlib/_startup.o
 .ARM.attributes
                0x000000a5       0x37 ./system/src/newlib/_syscalls.o
 .ARM.attributes
                0x000000dc       0x37 ./system/src/diag/Trace.o
 .ARM.attributes
                0x00000113       0x37 ./system/src/diag/trace_impl.o
 .ARM.attributes
                0x0000014a       0x37 ./system/src/cortexm/_initialize_hardware.o
 .ARM.attributes
                0x00000181       0x37 ./system/src/cortexm/exception_handlers.o
 .ARM.attributes
                0x000001b8       0x37 ./system/src/cmsis/system_stm32f4xx.o
 .ARM.attributes
                0x000001ef       0x37 ./system/src/cmsis/vectors_stm32f401xc.o
 .ARM.attributes
                0x00000226       0x37 ./src/MCAL/USART/USART_prg.o
 .ARM.attributes
                0x0000025d       0x37 ./src/MCAL/SYSTICK/SYSTICK_prg.o
 .ARM.attributes
                0x00000294       0x37 ./src/MCAL/RCC/RCC_prg.o
 .ARM.attributes
                0x000002cb       0x37 ./src/MCAL/NVIC/NVIC_prg.o
 .ARM.attributes
                0x00000302       0x37 ./src/MCAL/GPIO/GPIO_prg.o
 .ARM.attributes
                0x00000339       0x37 ./src/MCAL/EXTI/EXTI_prg.o
 .ARM.attributes
                0x00000370       0x37 ./src/MCAL/DMA/DMA_prg.o
 .ARM.attributes
                0x000003a7       0x37 ./src/APP/main.o
 .ARM.attributes
                0x000003de       0x32 d:/embedded_systems_arm_level 2/imt_sdk_win_64/winarm/armgcc/bin/../lib/gcc/arm-none-eabi/7.2.1/../../../../arm-none-eabi/lib/thumb/v7e-m/fpv4-sp/softfp\libg_nano.a(lib_a-errno.o)
 .ARM.attributes
                0x00000410       0x32 d:/embedded_systems_arm_level 2/imt_sdk_win_64/winarm/armgcc/bin/../lib/gcc/arm-none-eabi/7.2.1/../../../../arm-none-eabi/lib/thumb/v7e-m/fpv4-sp/softfp\libg_nano.a(lib_a-impure.o)
 .ARM.attributes
                0x00000442       0x32 d:/embedded_systems_arm_level 2/imt_sdk_win_64/winarm/armgcc/bin/../lib/gcc/arm-none-eabi/7.2.1/../../../../arm-none-eabi/lib/thumb/v7e-m/fpv4-sp/softfp\libg_nano.a(lib_a-vsnprintf.o)
 .ARM.attributes
                0x00000474       0x32 d:/embedded_systems_arm_level 2/imt_sdk_win_64/winarm/armgcc/bin/../lib/gcc/arm-none-eabi/7.2.1/../../../../arm-none-eabi/lib/thumb/v7e-m/fpv4-sp/softfp\libg_nano.a(lib_a-nano-svfprintf.o)
 .ARM.attributes
                0x000004a6       0x32 d:/embedded_systems_arm_level 2/imt_sdk_win_64/winarm/armgcc/bin/../lib/gcc/arm-none-eabi/7.2.1/../../../../arm-none-eabi/lib/thumb/v7e-m/fpv4-sp/softfp\libg_nano.a(lib_a-nano-vfprintf_i.o)
 .ARM.attributes
                0x000004d8       0x20 d:/embedded_systems_arm_level 2/imt_sdk_win_64/winarm/armgcc/bin/../lib/gcc/arm-none-eabi/7.2.1/../../../../arm-none-eabi/lib/thumb/v7e-m/fpv4-sp/softfp\libg_nano.a(lib_a-memchr.o)
 .ARM.attributes
                0x000004f8       0x32 d:/embedded_systems_arm_level 2/imt_sdk_win_64/winarm/armgcc/bin/../lib/gcc/arm-none-eabi/7.2.1/../../../../arm-none-eabi/lib/thumb/v7e-m/fpv4-sp/softfp\libg_nano.a(lib_a-memcpy-stub.o)
 .ARM.attributes
                0x0000052a       0x32 d:/embedded_systems_arm_level 2/imt_sdk_win_64/winarm/armgcc/bin/../lib/gcc/arm-none-eabi/7.2.1/../../../../arm-none-eabi/lib/thumb/v7e-m/fpv4-sp/softfp\libg_nano.a(lib_a-memmove.o)
 .ARM.attributes
                0x0000055c       0x32 d:/embedded_systems_arm_level 2/imt_sdk_win_64/winarm/armgcc/bin/../lib/gcc/arm-none-eabi/7.2.1/../../../../arm-none-eabi/lib/thumb/v7e-m/fpv4-sp/softfp\libg_nano.a(lib_a-nano-freer.o)
 .ARM.attributes
                0x0000058e       0x32 d:/embedded_systems_arm_level 2/imt_sdk_win_64/winarm/armgcc/bin/../lib/gcc/arm-none-eabi/7.2.1/../../../../arm-none-eabi/lib/thumb/v7e-m/fpv4-sp/softfp\libg_nano.a(lib_a-nano-mallocr.o)
 .ARM.attributes
                0x000005c0       0x32 d:/embedded_systems_arm_level 2/imt_sdk_win_64/winarm/armgcc/bin/../lib/gcc/arm-none-eabi/7.2.1/../../../../arm-none-eabi/lib/thumb/v7e-m/fpv4-sp/softfp\libg_nano.a(lib_a-nano-reallocr.o)
 .ARM.attributes
                0x000005f2       0x32 d:/embedded_systems_arm_level 2/imt_sdk_win_64/winarm/armgcc/bin/../lib/gcc/arm-none-eabi/7.2.1/../../../../arm-none-eabi/lib/thumb/v7e-m/fpv4-sp/softfp\libg_nano.a(lib_a-sbrkr.o)
 .ARM.attributes
                0x00000624       0x32 d:/embedded_systems_arm_level 2/imt_sdk_win_64/winarm/armgcc/bin/../lib/gcc/arm-none-eabi/7.2.1/../../../../arm-none-eabi/lib/thumb/v7e-m/fpv4-sp/softfp\libg_nano.a(lib_a-mlock.o)
 .ARM.attributes
                0x00000656       0x32 d:/embedded_systems_arm_level 2/imt_sdk_win_64/winarm/armgcc/bin/../lib/gcc/arm-none-eabi/7.2.1/../../../../arm-none-eabi/lib/thumb/v7e-m/fpv4-sp/softfp\libg_nano.a(lib_a-nano-msizer.o)

.debug
 *(.debug)

.line
 *(.line)

.debug_srcinfo
 *(.debug_srcinfo)

.debug_sfnames
 *(.debug_sfnames)

.debug_aranges  0x00000000      0x4c0
 *(.debug_aranges)
 .debug_aranges
                0x00000000       0x28 ./system/src/newlib/_exit.o
 .debug_aranges
                0x00000028       0x20 ./system/src/newlib/_sbrk.o
 .debug_aranges
                0x00000048       0x40 ./system/src/newlib/_startup.o
 .debug_aranges
                0x00000088       0x30 ./system/src/newlib/_syscalls.o
 .debug_aranges
                0x000000b8       0x38 ./system/src/diag/Trace.o
 .debug_aranges
                0x000000f0       0x30 ./system/src/diag/trace_impl.o
 .debug_aranges
                0x00000120       0x28 ./system/src/cortexm/_initialize_hardware.o
 .debug_aranges
                0x00000148       0x90 ./system/src/cortexm/exception_handlers.o
 .debug_aranges
                0x000001d8       0x28 ./system/src/cmsis/system_stm32f4xx.o
 .debug_aranges
                0x00000200       0x20 ./system/src/cmsis/vectors_stm32f401xc.o
 .debug_aranges
                0x00000220       0x70 ./src/MCAL/USART/USART_prg.o
 .debug_aranges
                0x00000290       0x68 ./src/MCAL/SYSTICK/SYSTICK_prg.o
 .debug_aranges
                0x000002f8       0x30 ./src/MCAL/RCC/RCC_prg.o
 .debug_aranges
                0x00000328       0x50 ./src/MCAL/NVIC/NVIC_prg.o
 .debug_aranges
                0x00000378       0x68 ./src/MCAL/GPIO/GPIO_prg.o
 .debug_aranges
                0x000003e0       0x78 ./src/MCAL/EXTI/EXTI_prg.o
 .debug_aranges
                0x00000458       0x40 ./src/MCAL/DMA/DMA_prg.o
 .debug_aranges
                0x00000498       0x28 ./src/APP/main.o

.debug_pubnames
 *(.debug_pubnames)

.debug_info     0x00000000     0x78d2
 *(.debug_info .gnu.linkonce.wi.*)
 .debug_info    0x00000000      0x956 ./system/src/newlib/_exit.o
 .debug_info    0x00000956      0x942 ./system/src/newlib/_sbrk.o
 .debug_info    0x00001298      0x4bf ./system/src/newlib/_startup.o
 .debug_info    0x00001757      0xa19 ./system/src/newlib/_syscalls.o
 .debug_info    0x00002170      0xb2a ./system/src/diag/Trace.o
 .debug_info    0x00002c9a      0xb6b ./system/src/diag/trace_impl.o
 .debug_info    0x00003805      0xade ./system/src/cortexm/_initialize_hardware.o
 .debug_info    0x000042e3     0x115a ./system/src/cortexm/exception_handlers.o
 .debug_info    0x0000543d      0xcfe ./system/src/cmsis/system_stm32f4xx.o
 .debug_info    0x0000613b       0xca ./system/src/cmsis/vectors_stm32f401xc.o
 .debug_info    0x00006205      0x23a ./src/MCAL/USART/USART_prg.o
 .debug_info    0x0000643f      0x2ec ./src/MCAL/SYSTICK/SYSTICK_prg.o
 .debug_info    0x0000672b      0x2ae ./src/MCAL/RCC/RCC_prg.o
 .debug_info    0x000069d9      0x2f7 ./src/MCAL/NVIC/NVIC_prg.o
 .debug_info    0x00006cd0      0x414 ./src/MCAL/GPIO/GPIO_prg.o
 .debug_info    0x000070e4      0x252 ./src/MCAL/EXTI/EXTI_prg.o
 .debug_info    0x00007336      0x2d7 ./src/MCAL/DMA/DMA_prg.o
 .debug_info    0x0000760d      0x2c5 ./src/APP/main.o

.debug_abbrev   0x00000000     0x1d70
 *(.debug_abbrev)
 .debug_abbrev  0x00000000      0x1f3 ./system/src/newlib/_exit.o
 .debug_abbrev  0x000001f3      0x1fc ./system/src/newlib/_sbrk.o
 .debug_abbrev  0x000003ef      0x1cb ./system/src/newlib/_startup.o
 .debug_abbrev  0x000005ba      0x234 ./system/src/newlib/_syscalls.o
 .debug_abbrev  0x000007ee      0x276 ./system/src/diag/Trace.o
 .debug_abbrev  0x00000a64      0x2ef ./system/src/diag/trace_impl.o
 .debug_abbrev  0x00000d53      0x1de ./system/src/cortexm/_initialize_hardware.o
 .debug_abbrev  0x00000f31      0x32b ./system/src/cortexm/exception_handlers.o
 .debug_abbrev  0x0000125c      0x216 ./system/src/cmsis/system_stm32f4xx.o
 .debug_abbrev  0x00001472       0x9d ./system/src/cmsis/vectors_stm32f401xc.o
 .debug_abbrev  0x0000150f      0x102 ./src/MCAL/USART/USART_prg.o
 .debug_abbrev  0x00001611      0x124 ./src/MCAL/SYSTICK/SYSTICK_prg.o
 .debug_abbrev  0x00001735       0xa8 ./src/MCAL/RCC/RCC_prg.o
 .debug_abbrev  0x000017dd      0x119 ./src/MCAL/NVIC/NVIC_prg.o
 .debug_abbrev  0x000018f6      0x12e ./src/MCAL/GPIO/GPIO_prg.o
 .debug_abbrev  0x00001a24      0x100 ./src/MCAL/EXTI/EXTI_prg.o
 .debug_abbrev  0x00001b24      0x11a ./src/MCAL/DMA/DMA_prg.o
 .debug_abbrev  0x00001c3e      0x132 ./src/APP/main.o

.debug_line     0x00000000     0x4973
 *(.debug_line)
 .debug_line    0x00000000      0x36b ./system/src/newlib/_exit.o
 .debug_line    0x0000036b      0x31f ./system/src/newlib/_sbrk.o
 .debug_line    0x0000068a      0x3e7 ./system/src/newlib/_startup.o
 .debug_line    0x00000a71      0x43c ./system/src/newlib/_syscalls.o
 .debug_line    0x00000ead      0x3e7 ./system/src/diag/Trace.o
 .debug_line    0x00001294      0xadb ./system/src/diag/trace_impl.o
 .debug_line    0x00001d6f      0xa45 ./system/src/cortexm/_initialize_hardware.o
 .debug_line    0x000027b4      0xb92 ./system/src/cortexm/exception_handlers.o
 .debug_line    0x00003346      0xa4b ./system/src/cmsis/system_stm32f4xx.o
 .debug_line    0x00003d91      0x109 ./system/src/cmsis/vectors_stm32f401xc.o
 .debug_line    0x00003e9a      0x192 ./src/MCAL/USART/USART_prg.o
 .debug_line    0x0000402c      0x18e ./src/MCAL/SYSTICK/SYSTICK_prg.o
 .debug_line    0x000041ba       0xe8 ./src/MCAL/RCC/RCC_prg.o
 .debug_line    0x000042a2      0x111 ./src/MCAL/NVIC/NVIC_prg.o
 .debug_line    0x000043b3      0x257 ./src/MCAL/GPIO/GPIO_prg.o
 .debug_line    0x0000460a      0x181 ./src/MCAL/EXTI/EXTI_prg.o
 .debug_line    0x0000478b       0xef ./src/MCAL/DMA/DMA_prg.o
 .debug_line    0x0000487a       0xf9 ./src/APP/main.o

.debug_frame    0x00000000      0xc38
 *(.debug_frame)
 .debug_frame   0x00000000       0x38 ./system/src/newlib/_exit.o
 .debug_frame   0x00000038       0x28 ./system/src/newlib/_sbrk.o
 .debug_frame   0x00000060       0x7c ./system/src/newlib/_startup.o
 .debug_frame   0x000000dc       0x50 ./system/src/newlib/_syscalls.o
 .debug_frame   0x0000012c       0x94 ./system/src/diag/Trace.o
 .debug_frame   0x000001c0       0x64 ./system/src/diag/trace_impl.o
 .debug_frame   0x00000224       0x40 ./system/src/cortexm/_initialize_hardware.o
 .debug_frame   0x00000264      0x158 ./system/src/cortexm/exception_handlers.o
 .debug_frame   0x000003bc       0x30 ./system/src/cmsis/system_stm32f4xx.o
 .debug_frame   0x000003ec       0x20 ./system/src/cmsis/vectors_stm32f401xc.o
 .debug_frame   0x0000040c       0xd4 ./src/MCAL/USART/USART_prg.o
 .debug_frame   0x000004e0       0xd8 ./src/MCAL/SYSTICK/SYSTICK_prg.o
 .debug_frame   0x000005b8       0x40 ./src/MCAL/RCC/RCC_prg.o
 .debug_frame   0x000005f8       0xb0 ./src/MCAL/NVIC/NVIC_prg.o
 .debug_frame   0x000006a8       0xf4 ./src/MCAL/GPIO/GPIO_prg.o
 .debug_frame   0x0000079c      0x100 ./src/MCAL/EXTI/EXTI_prg.o
 .debug_frame   0x0000089c       0x94 ./src/MCAL/DMA/DMA_prg.o
 .debug_frame   0x00000930       0x40 ./src/APP/main.o
 .debug_frame   0x00000970       0x20 d:/embedded_systems_arm_level 2/imt_sdk_win_64/winarm/armgcc/bin/../lib/gcc/arm-none-eabi/7.2.1/../../../../arm-none-eabi/lib/thumb/v7e-m/fpv4-sp/softfp\libg_nano.a(lib_a-errno.o)
 .debug_frame   0x00000990       0x4c d:/embedded_systems_arm_level 2/imt_sdk_win_64/winarm/armgcc/bin/../lib/gcc/arm-none-eabi/7.2.1/../../../../arm-none-eabi/lib/thumb/v7e-m/fpv4-sp/softfp\libg_nano.a(lib_a-vsnprintf.o)
 .debug_frame   0x000009dc       0x90 d:/embedded_systems_arm_level 2/imt_sdk_win_64/winarm/armgcc/bin/../lib/gcc/arm-none-eabi/7.2.1/../../../../arm-none-eabi/lib/thumb/v7e-m/fpv4-sp/softfp\libg_nano.a(lib_a-nano-svfprintf.o)
 .debug_frame   0x00000a6c       0x60 d:/embedded_systems_arm_level 2/imt_sdk_win_64/winarm/armgcc/bin/../lib/gcc/arm-none-eabi/7.2.1/../../../../arm-none-eabi/lib/thumb/v7e-m/fpv4-sp/softfp\libg_nano.a(lib_a-nano-vfprintf_i.o)
 .debug_frame   0x00000acc       0x28 d:/embedded_systems_arm_level 2/imt_sdk_win_64/winarm/armgcc/bin/../lib/gcc/arm-none-eabi/7.2.1/../../../../arm-none-eabi/lib/thumb/v7e-m/fpv4-sp/softfp\libg_nano.a(lib_a-memcpy-stub.o)
 .debug_frame   0x00000af4       0x28 d:/embedded_systems_arm_level 2/imt_sdk_win_64/winarm/armgcc/bin/../lib/gcc/arm-none-eabi/7.2.1/../../../../arm-none-eabi/lib/thumb/v7e-m/fpv4-sp/softfp\libg_nano.a(lib_a-memmove.o)
 .debug_frame   0x00000b1c       0x38 d:/embedded_systems_arm_level 2/imt_sdk_win_64/winarm/armgcc/bin/../lib/gcc/arm-none-eabi/7.2.1/../../../../arm-none-eabi/lib/thumb/v7e-m/fpv4-sp/softfp\libg_nano.a(lib_a-nano-freer.o)
 .debug_frame   0x00000b54       0x2c d:/embedded_systems_arm_level 2/imt_sdk_win_64/winarm/armgcc/bin/../lib/gcc/arm-none-eabi/7.2.1/../../../../arm-none-eabi/lib/thumb/v7e-m/fpv4-sp/softfp\libg_nano.a(lib_a-nano-mallocr.o)
 .debug_frame   0x00000b80       0x3c d:/embedded_systems_arm_level 2/imt_sdk_win_64/winarm/armgcc/bin/../lib/gcc/arm-none-eabi/7.2.1/../../../../arm-none-eabi/lib/thumb/v7e-m/fpv4-sp/softfp\libg_nano.a(lib_a-nano-reallocr.o)
 .debug_frame   0x00000bbc       0x2c d:/embedded_systems_arm_level 2/imt_sdk_win_64/winarm/armgcc/bin/../lib/gcc/arm-none-eabi/7.2.1/../../../../arm-none-eabi/lib/thumb/v7e-m/fpv4-sp/softfp\libg_nano.a(lib_a-sbrkr.o)
 .debug_frame   0x00000be8       0x30 d:/embedded_systems_arm_level 2/imt_sdk_win_64/winarm/armgcc/bin/../lib/gcc/arm-none-eabi/7.2.1/../../../../arm-none-eabi/lib/thumb/v7e-m/fpv4-sp/softfp\libg_nano.a(lib_a-mlock.o)
 .debug_frame   0x00000c18       0x20 d:/embedded_systems_arm_level 2/imt_sdk_win_64/winarm/armgcc/bin/../lib/gcc/arm-none-eabi/7.2.1/../../../../arm-none-eabi/lib/thumb/v7e-m/fpv4-sp/softfp\libg_nano.a(lib_a-nano-msizer.o)

.debug_str      0x00000000    0x738f0
 *(.debug_str)
 .debug_str     0x00000000     0x7d3f ./system/src/newlib/_exit.o
                               0x7f12 (size before relaxing)
 .debug_str     0x00007d3f      0x4f5 ./system/src/newlib/_sbrk.o
                               0x72c4 (size before relaxing)
 .debug_str     0x00008234      0xc23 ./system/src/newlib/_startup.o
                               0x6a65 (size before relaxing)
 .debug_str     0x00008e57      0xe8b ./system/src/newlib/_syscalls.o
                               0x819f (size before relaxing)
 .debug_str     0x00009ce2      0x826 ./system/src/diag/Trace.o
                               0x868a (size before relaxing)
 .debug_str     0x0000a508    0x67a2e ./system/src/diag/trace_impl.o
                              0x709b0 (size before relaxing)
 .debug_str     0x00071f36       0xc4 ./system/src/cortexm/_initialize_hardware.o
                              0x6f742 (size before relaxing)
 .debug_str     0x00071ffa      0x1a6 ./system/src/cortexm/exception_handlers.o
                              0x70b3a (size before relaxing)
 .debug_str     0x000721a0      0x164 ./system/src/cmsis/system_stm32f4xx.o
                              0x6f823 (size before relaxing)
 .debug_str     0x00072304       0x59 ./system/src/cmsis/vectors_stm32f401xc.o
                               0x38a2 (size before relaxing)
 .debug_str     0x0007235d      0x3c3 ./src/MCAL/USART/USART_prg.o
                               0x317f (size before relaxing)
 .debug_str     0x00072720      0x2c6 ./src/MCAL/SYSTICK/SYSTICK_prg.o
                               0x31ad (size before relaxing)
 .debug_str     0x000729e6      0x21f ./src/MCAL/RCC/RCC_prg.o
                               0x3183 (size before relaxing)
 .debug_str     0x00072c05      0x24f ./src/MCAL/NVIC/NVIC_prg.o
                               0x315b (size before relaxing)
 .debug_str     0x00072e54      0x5a6 ./src/MCAL/GPIO/GPIO_prg.o
                               0x3492 (size before relaxing)
 .debug_str     0x000733fa      0x2bc ./src/MCAL/EXTI/EXTI_prg.o
                               0x319d (size before relaxing)
 .debug_str     0x000736b6      0x214 ./src/MCAL/DMA/DMA_prg.o
                               0x3102 (size before relaxing)
 .debug_str     0x000738ca       0x26 ./src/APP/main.o
                               0x332f (size before relaxing)

.debug_loc      0x00000000     0x19c3
 *(.debug_loc)
 .debug_loc     0x00000000       0x85 ./system/src/newlib/_sbrk.o
 .debug_loc     0x00000085      0x2cb ./system/src/newlib/_startup.o
 .debug_loc     0x00000350       0x63 ./system/src/newlib/_syscalls.o
 .debug_loc     0x000003b3       0xf6 ./system/src/diag/Trace.o
 .debug_loc     0x000004a9      0x121 ./system/src/diag/trace_impl.o
 .debug_loc     0x000005ca      0x291 ./system/src/cortexm/exception_handlers.o
 .debug_loc     0x0000085b      0x13e ./system/src/cmsis/system_stm32f4xx.o
 .debug_loc     0x00000999       0x2c ./src/MCAL/USART/USART_prg.o
 .debug_loc     0x000009c5      0x1c6 ./src/MCAL/SYSTICK/SYSTICK_prg.o
 .debug_loc     0x00000b8b      0x1b0 ./src/MCAL/RCC/RCC_prg.o
 .debug_loc     0x00000d3b      0x1df ./src/MCAL/NVIC/NVIC_prg.o
 .debug_loc     0x00000f1a      0x8cf ./src/MCAL/GPIO/GPIO_prg.o
 .debug_loc     0x000017e9      0x109 ./src/MCAL/EXTI/EXTI_prg.o
 .debug_loc     0x000018f2       0xd1 ./src/MCAL/DMA/DMA_prg.o

.debug_macinfo
 *(.debug_macinfo)

.debug_weaknames
 *(.debug_weaknames)

.debug_funcnames
 *(.debug_funcnames)

.debug_typenames
 *(.debug_typenames)

.debug_varnames
 *(.debug_varnames)
OUTPUT(Drivers.elf elf32-littlearm)

.debug_ranges   0x00000000      0x430
 .debug_ranges  0x00000000       0x18 ./system/src/newlib/_exit.o
 .debug_ranges  0x00000018       0x10 ./system/src/newlib/_sbrk.o
 .debug_ranges  0x00000028       0x90 ./system/src/newlib/_startup.o
 .debug_ranges  0x000000b8       0x20 ./system/src/newlib/_syscalls.o
 .debug_ranges  0x000000d8       0x28 ./system/src/diag/Trace.o
 .debug_ranges  0x00000100       0x50 ./system/src/diag/trace_impl.o
 .debug_ranges  0x00000150       0x18 ./system/src/cortexm/_initialize_hardware.o
 .debug_ranges  0x00000168       0x80 ./system/src/cortexm/exception_handlers.o
 .debug_ranges  0x000001e8       0x18 ./system/src/cmsis/system_stm32f4xx.o
 .debug_ranges  0x00000200       0x10 ./system/src/cmsis/vectors_stm32f401xc.o
 .debug_ranges  0x00000210       0x60 ./src/MCAL/USART/USART_prg.o
 .debug_ranges  0x00000270       0x58 ./src/MCAL/SYSTICK/SYSTICK_prg.o
 .debug_ranges  0x000002c8       0x20 ./src/MCAL/RCC/RCC_prg.o
 .debug_ranges  0x000002e8       0x40 ./src/MCAL/NVIC/NVIC_prg.o
 .debug_ranges  0x00000328       0x58 ./src/MCAL/GPIO/GPIO_prg.o
 .debug_ranges  0x00000380       0x68 ./src/MCAL/EXTI/EXTI_prg.o
 .debug_ranges  0x000003e8       0x30 ./src/MCAL/DMA/DMA_prg.o
 .debug_ranges  0x00000418       0x18 ./src/APP/main.o

.debug_macro    0x00000000     0x37d8
 .debug_macro   0x00000000      0x1b4 ./system/src/newlib/_exit.o
 .debug_macro   0x000001b4      0x10e ./system/src/newlib/_exit.o
 .debug_macro   0x000002c2       0x8d ./system/src/newlib/_exit.o
 .debug_macro   0x0000034f       0x35 ./system/src/newlib/_exit.o
 .debug_macro   0x00000384      0x169 ./system/src/newlib/_sbrk.o
 .debug_macro   0x000004ed      0x174 ./system/src/newlib/_sbrk.o
 .debug_macro   0x00000661       0x10 ./system/src/newlib/_sbrk.o
 .debug_macro   0x00000671      0x23b ./system/src/newlib/_sbrk.o
 .debug_macro   0x000008ac      0x173 ./system/src/newlib/_startup.o
 .debug_macro   0x00000a1f      0xa72 ./system/src/newlib/_startup.o
 .debug_macro   0x00001491      0x217 ./system/src/newlib/_syscalls.o
 .debug_macro   0x000016a8       0x1c ./system/src/newlib/_syscalls.o
 .debug_macro   0x000016c4       0x10 ./system/src/newlib/_syscalls.o
 .debug_macro   0x000016d4       0x10 ./system/src/newlib/_syscalls.o
 .debug_macro   0x000016e4       0x10 ./system/src/newlib/_syscalls.o
 .debug_macro   0x000016f4       0x35 ./system/src/newlib/_syscalls.o
 .debug_macro   0x00001729      0x122 ./system/src/newlib/_syscalls.o
 .debug_macro   0x0000184b       0x88 ./system/src/newlib/_syscalls.o
 .debug_macro   0x000018d3       0x2b ./system/src/newlib/_syscalls.o
 .debug_macro   0x000018fe      0x118 ./system/src/newlib/_syscalls.o
 .debug_macro   0x00001a16      0x189 ./system/src/newlib/_syscalls.o
 .debug_macro   0x00001b9f       0x16 ./system/src/newlib/_syscalls.o
 .debug_macro   0x00001bb5      0x1fb ./system/src/diag/Trace.o
 .debug_macro   0x00001db0       0x4c ./system/src/diag/Trace.o
 .debug_macro   0x00001dfc       0x16 ./system/src/diag/Trace.o
 .debug_macro   0x00001e12      0x52a ./system/src/diag/trace_impl.o
 .debug_macro   0x0000233c       0x22 ./system/src/diag/trace_impl.o
 .debug_macro   0x0000235e      0x4ee ./system/src/cortexm/_initialize_hardware.o
 .debug_macro   0x0000284c      0x557 ./system/src/cortexm/exception_handlers.o
 .debug_macro   0x00002da3       0x3b ./system/src/cortexm/exception_handlers.o
 .debug_macro   0x00002dde      0x4ea ./system/src/cmsis/system_stm32f4xx.o
 .debug_macro   0x000032c8       0x34 ./system/src/cmsis/vectors_stm32f401xc.o
 .debug_macro   0x000032fc       0x36 ./src/MCAL/USART/USART_prg.o
 .debug_macro   0x00003332       0x2e ./src/MCAL/USART/USART_prg.o
 .debug_macro   0x00003360       0x3f ./src/MCAL/SYSTICK/SYSTICK_prg.o
 .debug_macro   0x0000339f       0x2e ./src/MCAL/SYSTICK/SYSTICK_prg.o
 .debug_macro   0x000033cd       0x3e ./src/MCAL/RCC/RCC_prg.o
 .debug_macro   0x0000340b       0x2e ./src/MCAL/RCC/RCC_prg.o
 .debug_macro   0x00003439       0x3a ./src/MCAL/RCC/RCC_prg.o
 .debug_macro   0x00003473       0x16 ./src/MCAL/RCC/RCC_prg.o
 .debug_macro   0x00003489       0x36 ./src/MCAL/NVIC/NVIC_prg.o
 .debug_macro   0x000034bf       0x22 ./src/MCAL/NVIC/NVIC_prg.o
 .debug_macro   0x000034e1       0x35 ./src/MCAL/GPIO/GPIO_prg.o
 .debug_macro   0x00003516      0x136 ./src/MCAL/GPIO/GPIO_prg.o
 .debug_macro   0x0000364c       0x2e ./src/MCAL/GPIO/GPIO_prg.o
 .debug_macro   0x0000367a       0x35 ./src/MCAL/EXTI/EXTI_prg.o
 .debug_macro   0x000036af       0x7c ./src/MCAL/EXTI/EXTI_prg.o
 .debug_macro   0x0000372b       0x16 ./src/MCAL/EXTI/EXTI_prg.o
 .debug_macro   0x00003741       0x36 ./src/MCAL/DMA/DMA_prg.o
 .debug_macro   0x00003777       0x22 ./src/MCAL/DMA/DMA_prg.o
 .debug_macro   0x00003799       0x3f ./src/APP/main.o
